// Jest Snapshot v1, https://goo.gl/fbAQLP

exports[`validation tests requests should be validated against the appropriate models 1`] = `
Array [
  Object {
    "errors": Array [],
    "valid": true,
  },
  Object {
    "errors": Array [
      Object {
        "message": "Expected required field Authorization to exist.",
        "path": "/users/info-GET.headers",
      },
    ],
    "valid": false,
  },
  Object {
    "errors": Array [],
    "valid": true,
  },
  Object {
    "errors": Array [],
    "valid": true,
  },
  Object {
    "errors": Array [],
    "valid": true,
  },
  Object {
    "errors": Array [
      Object {
        "message": "Expected required field firstName to exist.",
        "path": "/users/create-POST.body",
      },
    ],
    "valid": false,
  },
  Object {
    "errors": Array [],
    "valid": true,
  },
  Object {
    "errors": Array [
      Object {
        "message": "Expected type String. Got type UUID for value: 777777.",
        "path": "/users/create-POST.body.email",
      },
      Object {
        "message": "Expected type Email. Got type UUID for value: 777777.",
        "path": "/users/create-POST.body.email",
      },
    ],
    "valid": false,
  },
  Object {
    "errors": Array [],
    "valid": true,
  },
  Object {
    "errors": Array [],
    "valid": true,
  },
  Object {
    "errors": Array [
      Object {
        "message": "Expected type String. Got type UUID for value: 55555.",
        "path": "/orders/info-GET.query_params.order_id",
      },
      Object {
        "message": "Expected type UUID. Got type String for value: 55555.",
        "path": "/orders/info-GET.query_params.order_id",
      },
    ],
    "valid": false,
  },
  Object {
    "errors": Array [],
    "valid": true,
  },
  Object {
    "errors": Array [
      Object {
        "message": "Expected type Int. Got type String for value: banana.",
        "path": "/orders/create-POST.body.order_type",
      },
    ],
    "valid": false,
  },
  Object {
    "errors": Array [
      Object {
        "message": "Expected required field address to exist.",
        "path": "/orders/create-POST.body",
      },
      Object {
        "message": "Expected type List. Got type String for value: 55.",
        "path": "/orders/create-POST.body.items",
      },
    ],
    "valid": false,
  },
  Object {
    "errors": Array [],
    "valid": true,
  },
  Object {
    "errors": Array [
      Object {
        "message": "Expected required field order_id to exist.",
        "path": "/orders/update-PATCH.body",
      },
    ],
    "valid": false,
  },
  Object {
    "errors": Array [],
    "valid": true,
  },
  Object {
    "errors": Array [
      Object {
        "message": "Expected type Int. Got type String for value: type1.",
        "path": "/orders/update-PATCH.body.order_type",
      },
    ],
    "valid": false,
  },
]
`;
